Archive member included to satisfy reference by file (symbol)

C:/ti/simplelink_msp432p4_sdk_3_10_00_08/source\ti/devices/msp432p4xx/driverlib/gcc/msp432p4xx_driverlib.a(interrupt.o)
                              ./buttons/buttons.o (Interrupt_registerInterrupt)
C:/ti/simplelink_msp432p4_sdk_3_10_00_08/source\ti/devices/msp432p4xx/driverlib/gcc/msp432p4xx_driverlib.a(cpu.o)
                              C:/ti/simplelink_msp432p4_sdk_3_10_00_08/source\ti/devices/msp432p4xx/driverlib/gcc/msp432p4xx_driverlib.a(interrupt.o) (CPU_cpsid)
C:/ti/ccs901/ccs/tools/compiler/gcc-arm-none-eabi-7-2017-q4-major-win32/arm-none-eabi/lib/thumb/v7e-m/fpv4-sp/hard\libc_nano.a(lib_a-exit.o)
                              c:/ti/ccs901/ccs/tools/compiler/gcc-arm-none-eabi-7-2017-q4-major-win32/bin/../lib/gcc/arm-none-eabi/7.2.1/../../../../arm-none-eabi/lib/thumb/v7e-m/fpv4-sp/hard/crt0.o (exit)
C:/ti/ccs901/ccs/tools/compiler/gcc-arm-none-eabi-7-2017-q4-major-win32/arm-none-eabi/lib/thumb/v7e-m/fpv4-sp/hard\libc_nano.a(lib_a-impure.o)
                              C:/ti/ccs901/ccs/tools/compiler/gcc-arm-none-eabi-7-2017-q4-major-win32/arm-none-eabi/lib/thumb/v7e-m/fpv4-sp/hard\libc_nano.a(lib_a-exit.o) (_global_impure_ptr)
C:/ti/ccs901/ccs/tools/compiler/gcc-arm-none-eabi-7-2017-q4-major-win32/arm-none-eabi/lib/thumb/v7e-m/fpv4-sp/hard\libc_nano.a(lib_a-init.o)
                              c:/ti/ccs901/ccs/tools/compiler/gcc-arm-none-eabi-7-2017-q4-major-win32/bin/../lib/gcc/arm-none-eabi/7.2.1/../../../../arm-none-eabi/lib/thumb/v7e-m/fpv4-sp/hard/crt0.o (__libc_init_array)
C:/ti/ccs901/ccs/tools/compiler/gcc-arm-none-eabi-7-2017-q4-major-win32/arm-none-eabi/lib/thumb/v7e-m/fpv4-sp/hard\libc_nano.a(lib_a-memset.o)
                              c:/ti/ccs901/ccs/tools/compiler/gcc-arm-none-eabi-7-2017-q4-major-win32/bin/../lib/gcc/arm-none-eabi/7.2.1/../../../../arm-none-eabi/lib/thumb/v7e-m/fpv4-sp/hard/crt0.o (memset)
C:/ti/ccs901/ccs/tools/compiler/gcc-arm-none-eabi-7-2017-q4-major-win32/arm-none-eabi/lib/thumb/v7e-m/fpv4-sp/hard\libnosys.a(_exit.o)
                              C:/ti/ccs901/ccs/tools/compiler/gcc-arm-none-eabi-7-2017-q4-major-win32/arm-none-eabi/lib/thumb/v7e-m/fpv4-sp/hard\libc_nano.a(lib_a-exit.o) (_exit)

Discarded input sections

 .text.SystemCoreClockUpdate
                0x00000000      0x21c ./system_msp432p401r.o
 .text.LEDS_turnOn
                0x00000000       0x14 ./leds/leds.o
 .rodata.g_pulPriority
                0x00000000       0x20 C:/ti/simplelink_msp432p4_sdk_3_10_00_08/source\ti/devices/msp432p4xx/driverlib/gcc/msp432p4xx_driverlib.a(interrupt.o)
 .rodata.g_pulRegs
                0x00000000       0x50 C:/ti/simplelink_msp432p4_sdk_3_10_00_08/source\ti/devices/msp432p4xx/driverlib/gcc/msp432p4xx_driverlib.a(interrupt.o)
 .rodata.g_pulEnRegs
                0x00000000        0x8 C:/ti/simplelink_msp432p4_sdk_3_10_00_08/source\ti/devices/msp432p4xx/driverlib/gcc/msp432p4xx_driverlib.a(interrupt.o)
 .rodata.g_pulDisRegs
                0x00000000        0x8 C:/ti/simplelink_msp432p4_sdk_3_10_00_08/source\ti/devices/msp432p4xx/driverlib/gcc/msp432p4xx_driverlib.a(interrupt.o)
 .rodata.g_pulPendRegs
                0x00000000        0x8 C:/ti/simplelink_msp432p4_sdk_3_10_00_08/source\ti/devices/msp432p4xx/driverlib/gcc/msp432p4xx_driverlib.a(interrupt.o)
 .rodata.g_pulUnpendRegs
                0x00000000        0x8 C:/ti/simplelink_msp432p4_sdk_3_10_00_08/source\ti/devices/msp432p4xx/driverlib/gcc/msp432p4xx_driverlib.a(interrupt.o)
 .text.IntDefaultHandler
                0x00000000        0x6 C:/ti/simplelink_msp432p4_sdk_3_10_00_08/source\ti/devices/msp432p4xx/driverlib/gcc/msp432p4xx_driverlib.a(interrupt.o)
 .text.Interrupt_enableMaster
                0x00000000       0x18 C:/ti/simplelink_msp432p4_sdk_3_10_00_08/source\ti/devices/msp432p4xx/driverlib/gcc/msp432p4xx_driverlib.a(interrupt.o)
 .text.Interrupt_disableMaster
                0x00000000       0x18 C:/ti/simplelink_msp432p4_sdk_3_10_00_08/source\ti/devices/msp432p4xx/driverlib/gcc/msp432p4xx_driverlib.a(interrupt.o)
 .text.Interrupt_unregisterInterrupt
                0x00000000       0x28 C:/ti/simplelink_msp432p4_sdk_3_10_00_08/source\ti/devices/msp432p4xx/driverlib/gcc/msp432p4xx_driverlib.a(interrupt.o)
 .text.Interrupt_setPriorityGrouping
                0x00000000       0x30 C:/ti/simplelink_msp432p4_sdk_3_10_00_08/source\ti/devices/msp432p4xx/driverlib/gcc/msp432p4xx_driverlib.a(interrupt.o)
 .text.Interrupt_getPriorityGrouping
                0x00000000       0x4c C:/ti/simplelink_msp432p4_sdk_3_10_00_08/source\ti/devices/msp432p4xx/driverlib/gcc/msp432p4xx_driverlib.a(interrupt.o)
 .text.Interrupt_setPriority
                0x00000000       0x68 C:/ti/simplelink_msp432p4_sdk_3_10_00_08/source\ti/devices/msp432p4xx/driverlib/gcc/msp432p4xx_driverlib.a(interrupt.o)
 .text.Interrupt_getPriority
                0x00000000       0x34 C:/ti/simplelink_msp432p4_sdk_3_10_00_08/source\ti/devices/msp432p4xx/driverlib/gcc/msp432p4xx_driverlib.a(interrupt.o)
 .text.Interrupt_enableInterrupt
                0x00000000       0x94 C:/ti/simplelink_msp432p4_sdk_3_10_00_08/source\ti/devices/msp432p4xx/driverlib/gcc/msp432p4xx_driverlib.a(interrupt.o)
 .text.Interrupt_disableInterrupt
                0x00000000       0x94 C:/ti/simplelink_msp432p4_sdk_3_10_00_08/source\ti/devices/msp432p4xx/driverlib/gcc/msp432p4xx_driverlib.a(interrupt.o)
 .text.Interrupt_isEnabled
                0x00000000       0xa0 C:/ti/simplelink_msp432p4_sdk_3_10_00_08/source\ti/devices/msp432p4xx/driverlib/gcc/msp432p4xx_driverlib.a(interrupt.o)
 .text.Interrupt_pendInterrupt
                0x00000000       0x7c C:/ti/simplelink_msp432p4_sdk_3_10_00_08/source\ti/devices/msp432p4xx/driverlib/gcc/msp432p4xx_driverlib.a(interrupt.o)
 .text.Interrupt_unpendInterrupt
                0x00000000       0x68 C:/ti/simplelink_msp432p4_sdk_3_10_00_08/source\ti/devices/msp432p4xx/driverlib/gcc/msp432p4xx_driverlib.a(interrupt.o)
 .text.Interrupt_setPriorityMask
                0x00000000       0x1a C:/ti/simplelink_msp432p4_sdk_3_10_00_08/source\ti/devices/msp432p4xx/driverlib/gcc/msp432p4xx_driverlib.a(interrupt.o)
 .text.Interrupt_getPriorityMask
                0x00000000       0x10 C:/ti/simplelink_msp432p4_sdk_3_10_00_08/source\ti/devices/msp432p4xx/driverlib/gcc/msp432p4xx_driverlib.a(interrupt.o)
 .text.Interrupt_setVectorTableAddress
                0x00000000       0x20 C:/ti/simplelink_msp432p4_sdk_3_10_00_08/source\ti/devices/msp432p4xx/driverlib/gcc/msp432p4xx_driverlib.a(interrupt.o)
 .text.Interrupt_getVectorTableAddress
                0x00000000       0x18 C:/ti/simplelink_msp432p4_sdk_3_10_00_08/source\ti/devices/msp432p4xx/driverlib/gcc/msp432p4xx_driverlib.a(interrupt.o)
 .text.Interrupt_enableSleepOnIsrExit
                0x00000000       0x20 C:/ti/simplelink_msp432p4_sdk_3_10_00_08/source\ti/devices/msp432p4xx/driverlib/gcc/msp432p4xx_driverlib.a(interrupt.o)
 .text.Interrupt_disableSleepOnIsrExit
                0x00000000       0x20 C:/ti/simplelink_msp432p4_sdk_3_10_00_08/source\ti/devices/msp432p4xx/driverlib/gcc/msp432p4xx_driverlib.a(interrupt.o)
 .text.CPU_cpsid
                0x00000000        0xe C:/ti/simplelink_msp432p4_sdk_3_10_00_08/source\ti/devices/msp432p4xx/driverlib/gcc/msp432p4xx_driverlib.a(cpu.o)
 .text.CPU_primask
                0x00000000        0xc C:/ti/simplelink_msp432p4_sdk_3_10_00_08/source\ti/devices/msp432p4xx/driverlib/gcc/msp432p4xx_driverlib.a(cpu.o)
 .text.CPU_cpsie
                0x00000000        0xe C:/ti/simplelink_msp432p4_sdk_3_10_00_08/source\ti/devices/msp432p4xx/driverlib/gcc/msp432p4xx_driverlib.a(cpu.o)
 .text.CPU_wfi  0x00000000        0x6 C:/ti/simplelink_msp432p4_sdk_3_10_00_08/source\ti/devices/msp432p4xx/driverlib/gcc/msp432p4xx_driverlib.a(cpu.o)
 .text.CPU_basepriSet
                0x00000000        0x8 C:/ti/simplelink_msp432p4_sdk_3_10_00_08/source\ti/devices/msp432p4xx/driverlib/gcc/msp432p4xx_driverlib.a(cpu.o)
 .text.CPU_basepriGet
                0x00000000        0xc C:/ti/simplelink_msp432p4_sdk_3_10_00_08/source\ti/devices/msp432p4xx/driverlib/gcc/msp432p4xx_driverlib.a(cpu.o)
 .eh_frame      0x00000000        0x4 c:/ti/ccs901/ccs/tools/compiler/gcc-arm-none-eabi-7-2017-q4-major-win32/bin/../lib/gcc/arm-none-eabi/7.2.1/thumb/v7e-m/fpv4-sp/hard/crtend.o

Memory Configuration

Name             Origin             Length             Attributes
MAIN_FLASH       0x00000000         0x00040000         xr
INFO_FLASH       0x00200000         0x00004000         xr
SRAM_CODE        0x01000000         0x00010000         xrw
SRAM_DATA        0x20000000         0x00010000         rw
*default*        0x00000000         0xffffffff

Linker script and memory map

LOAD c:/ti/ccs901/ccs/tools/compiler/gcc-arm-none-eabi-7-2017-q4-major-win32/bin/../lib/gcc/arm-none-eabi/7.2.1/thumb/v7e-m/fpv4-sp/hard/crti.o
LOAD c:/ti/ccs901/ccs/tools/compiler/gcc-arm-none-eabi-7-2017-q4-major-win32/bin/../lib/gcc/arm-none-eabi/7.2.1/thumb/v7e-m/fpv4-sp/hard/crtbegin.o
LOAD c:/ti/ccs901/ccs/tools/compiler/gcc-arm-none-eabi-7-2017-q4-major-win32/bin/../lib/gcc/arm-none-eabi/7.2.1/../../../../arm-none-eabi/lib/thumb/v7e-m/fpv4-sp/hard/crt0.o
LOAD ./architecture.o
LOAD ./main.o
LOAD ./system_msp432p401r.o
LOAD ./buttons/buttons.o
LOAD ./gcc/startup_msp432p401r_gcc.o
LOAD ./leds/leds.o
                0x00000000                PROVIDE (_intvecs_base_address, DEFINED (_intvecs_base_address)?_intvecs_base_address:0x0)

.intvecs        0x00000000       0xe4
 *(.intvecs)
 .intvecs       0x00000000       0xe4 ./gcc/startup_msp432p401r_gcc.o
                0x00000000                interruptVectors
                0x00200000                PROVIDE (_mailbox_base_address, 0x200000)

.flashMailbox
 *(.flashMailbox)
                0x00201000                PROVIDE (_tlv_base_address, 0x201000)

.tlvTable
 *(.tlvTable)
                0x00202000                PROVIDE (_bsl_base_address, 0x202000)

.bslArea
 *(.bslArea)
                0x20000000                PROVIDE (_vtable_base_address, DEFINED (_vtable_base_address)?_vtable_base_address:0x20000000)

.vtable
 *(.vtable)

.text           0x000000e4      0x428
 CREATE_OBJECT_SYMBOLS
 *(.text)
 .text          0x000000e4        0x0 c:/ti/ccs901/ccs/tools/compiler/gcc-arm-none-eabi-7-2017-q4-major-win32/bin/../lib/gcc/arm-none-eabi/7.2.1/thumb/v7e-m/fpv4-sp/hard/crti.o
 .text          0x000000e4       0x40 c:/ti/ccs901/ccs/tools/compiler/gcc-arm-none-eabi-7-2017-q4-major-win32/bin/../lib/gcc/arm-none-eabi/7.2.1/thumb/v7e-m/fpv4-sp/hard/crtbegin.o
 .text          0x00000124       0x74 c:/ti/ccs901/ccs/tools/compiler/gcc-arm-none-eabi-7-2017-q4-major-win32/bin/../lib/gcc/arm-none-eabi/7.2.1/../../../../arm-none-eabi/lib/thumb/v7e-m/fpv4-sp/hard/crt0.o
                0x00000124                _start
                0x00000124                _mainCRTStartup
 .text          0x00000198        0x0 ./architecture.o
 .text          0x00000198        0x0 ./main.o
 .text          0x00000198        0x0 ./system_msp432p401r.o
 .text          0x00000198        0x0 ./buttons/buttons.o
 .text          0x00000198        0x0 ./gcc/startup_msp432p401r_gcc.o
 .text          0x00000198        0x0 ./leds/leds.o
 .text          0x00000198        0x0 C:/ti/simplelink_msp432p4_sdk_3_10_00_08/source\ti/devices/msp432p4xx/driverlib/gcc/msp432p4xx_driverlib.a(interrupt.o)
 .text          0x00000198        0x0 C:/ti/simplelink_msp432p4_sdk_3_10_00_08/source\ti/devices/msp432p4xx/driverlib/gcc/msp432p4xx_driverlib.a(cpu.o)
 .text          0x00000198        0x0 C:/ti/ccs901/ccs/tools/compiler/gcc-arm-none-eabi-7-2017-q4-major-win32/arm-none-eabi/lib/thumb/v7e-m/fpv4-sp/hard\libc_nano.a(lib_a-exit.o)
 .text          0x00000198        0x0 C:/ti/ccs901/ccs/tools/compiler/gcc-arm-none-eabi-7-2017-q4-major-win32/arm-none-eabi/lib/thumb/v7e-m/fpv4-sp/hard\libc_nano.a(lib_a-impure.o)
 .text          0x00000198        0x0 C:/ti/ccs901/ccs/tools/compiler/gcc-arm-none-eabi-7-2017-q4-major-win32/arm-none-eabi/lib/thumb/v7e-m/fpv4-sp/hard\libc_nano.a(lib_a-init.o)
 .text          0x00000198        0x0 C:/ti/ccs901/ccs/tools/compiler/gcc-arm-none-eabi-7-2017-q4-major-win32/arm-none-eabi/lib/thumb/v7e-m/fpv4-sp/hard\libc_nano.a(lib_a-memset.o)
 .text          0x00000198        0x0 C:/ti/ccs901/ccs/tools/compiler/gcc-arm-none-eabi-7-2017-q4-major-win32/arm-none-eabi/lib/thumb/v7e-m/fpv4-sp/hard\libnosys.a(_exit.o)
 .text          0x00000198        0x0 c:/ti/ccs901/ccs/tools/compiler/gcc-arm-none-eabi-7-2017-q4-major-win32/bin/../lib/gcc/arm-none-eabi/7.2.1/thumb/v7e-m/fpv4-sp/hard/crtend.o
 .text          0x00000198        0x0 c:/ti/ccs901/ccs/tools/compiler/gcc-arm-none-eabi-7-2017-q4-major-win32/bin/../lib/gcc/arm-none-eabi/7.2.1/thumb/v7e-m/fpv4-sp/hard/crtn.o
 *(.text.*)
 .text.main     0x00000198       0x38 ./main.o
                0x00000198                main
 .text.Buttons_reportButtonPressed
                0x000001d0       0x54 ./main.o
                0x000001d0                Buttons_reportButtonPressed
 .text.SystemInit
                0x00000224       0x64 ./system_msp432p401r.o
                0x00000224                SystemInit
 .text.Button_handleButtonPress
                0x00000288       0x48 ./buttons/buttons.o
                0x00000288                Button_handleButtonPress
 .text.Buttons_setup
                0x000002d0       0xb0 ./buttons/buttons.o
                0x000002d0                Buttons_setup
 .text.Buttons_isPressed
                0x00000380       0x18 ./buttons/buttons.o
                0x00000380                Buttons_isPressed
 .text.Default_Handler
                0x00000398        0x2 ./gcc/startup_msp432p401r_gcc.o
                0x00000398                CS_IRQHandler
                0x00000398                DebugMon_Handler
                0x00000398                AES256_IRQHandler
                0x00000398                HardFault_Handler
                0x00000398                SysTick_Handler
                0x00000398                PendSV_Handler
                0x00000398                NMI_Handler
                0x00000398                RTC_C_IRQHandler
                0x00000398                PORT1_IRQHandler
                0x00000398                FPU_IRQHandler
                0x00000398                PORT2_IRQHandler
                0x00000398                TA3_0_IRQHandler
                0x00000398                UsageFault_Handler
                0x00000398                DMA_INT3_IRQHandler
                0x00000398                TA2_0_IRQHandler
                0x00000398                DMA_INT1_IRQHandler
                0x00000398                WDT_A_IRQHandler
                0x00000398                TA2_N_IRQHandler
                0x00000398                TA1_0_IRQHandler
                0x00000398                PSS_IRQHandler
                0x00000398                DMA_INT2_IRQHandler
                0x00000398                EUSCIA3_IRQHandler
                0x00000398                DMA_INT0_IRQHandler
                0x00000398                PORT4_IRQHandler
                0x00000398                PORT5_IRQHandler
                0x00000398                EUSCIB0_IRQHandler
                0x00000398                Default_Handler
                0x00000398                T32_INTC_IRQHandler
                0x00000398                TA3_N_IRQHandler
                0x00000398                TA0_0_IRQHandler
                0x00000398                EUSCIA2_IRQHandler
                0x00000398                PORT6_IRQHandler
                0x00000398                PORT3_IRQHandler
                0x00000398                MemManage_Handler
                0x00000398                SVC_Handler
                0x00000398                TA1_N_IRQHandler
                0x00000398                EUSCIA1_IRQHandler
                0x00000398                COMP_E1_IRQHandler
                0x00000398                EUSCIB2_IRQHandler
                0x00000398                FLCTL_IRQHandler
                0x00000398                EUSCIB3_IRQHandler
                0x00000398                T32_INT1_IRQHandler
                0x00000398                ADC14_IRQHandler
                0x00000398                DMA_ERR_IRQHandler
                0x00000398                EUSCIA0_IRQHandler
                0x00000398                BusFault_Handler
                0x00000398                PCM_IRQHandler
                0x00000398                TA0_N_IRQHandler
                0x00000398                COMP_E0_IRQHandler
                0x00000398                EUSCIB1_IRQHandler
                0x00000398                T32_INT2_IRQHandler
 *fill*         0x0000039a        0x2 
 .text.Reset_Handler
                0x0000039c       0x2c ./gcc/startup_msp432p401r_gcc.o
                0x0000039c                Reset_Handler
 .text.LEDS_setup
                0x000003c8       0x14 ./leds/leds.o
                0x000003c8                LEDS_setup
 .text.LEDS_toggle
                0x000003dc       0x14 ./leds/leds.o
                0x000003dc                LEDS_toggle
 .text.LEDS_turnOff
                0x000003f0       0x14 ./leds/leds.o
                0x000003f0                LEDS_turnOff
 .text.Interrupt_registerInterrupt
                0x00000404       0x64 C:/ti/simplelink_msp432p4_sdk_3_10_00_08/source\ti/devices/msp432p4xx/driverlib/gcc/msp432p4xx_driverlib.a(interrupt.o)
                0x00000404                Interrupt_registerInterrupt
 .text.exit     0x00000468       0x28 C:/ti/ccs901/ccs/tools/compiler/gcc-arm-none-eabi-7-2017-q4-major-win32/arm-none-eabi/lib/thumb/v7e-m/fpv4-sp/hard\libc_nano.a(lib_a-exit.o)
                0x00000468                exit
 .text.__libc_init_array
                0x00000490       0x48 C:/ti/ccs901/ccs/tools/compiler/gcc-arm-none-eabi-7-2017-q4-major-win32/arm-none-eabi/lib/thumb/v7e-m/fpv4-sp/hard\libc_nano.a(lib_a-init.o)
                0x00000490                __libc_init_array
 .text.memset   0x000004d8       0x10 C:/ti/ccs901/ccs/tools/compiler/gcc-arm-none-eabi-7-2017-q4-major-win32/arm-none-eabi/lib/thumb/v7e-m/fpv4-sp/hard\libc_nano.a(lib_a-memset.o)
                0x000004d8                memset
 .text._exit    0x000004e8        0x4 C:/ti/ccs901/ccs/tools/compiler/gcc-arm-none-eabi-7-2017-q4-major-win32/arm-none-eabi/lib/thumb/v7e-m/fpv4-sp/hard\libnosys.a(_exit.o)
                0x000004e8                _exit
                0x000004ec                . = ALIGN (0x4)
 *(.ctors)
                0x000004ec                . = ALIGN (0x4)
 *(.dtors)
                0x000004ec                . = ALIGN (0x4)
                0x000004ec                __init_array_start = .
 *(.init_array*)
 .init_array    0x000004ec        0x4 c:/ti/ccs901/ccs/tools/compiler/gcc-arm-none-eabi-7-2017-q4-major-win32/bin/../lib/gcc/arm-none-eabi/7.2.1/thumb/v7e-m/fpv4-sp/hard/crtbegin.o
                0x000004f0                __init_array_end = .
 *(.init)
 .init          0x000004f0        0x4 c:/ti/ccs901/ccs/tools/compiler/gcc-arm-none-eabi-7-2017-q4-major-win32/bin/../lib/gcc/arm-none-eabi/7.2.1/thumb/v7e-m/fpv4-sp/hard/crti.o
                0x000004f0                _init
 .init          0x000004f4        0x8 c:/ti/ccs901/ccs/tools/compiler/gcc-arm-none-eabi-7-2017-q4-major-win32/bin/../lib/gcc/arm-none-eabi/7.2.1/thumb/v7e-m/fpv4-sp/hard/crtn.o
 *(.fini*)
 .fini          0x000004fc        0x4 c:/ti/ccs901/ccs/tools/compiler/gcc-arm-none-eabi-7-2017-q4-major-win32/bin/../lib/gcc/arm-none-eabi/7.2.1/thumb/v7e-m/fpv4-sp/hard/crti.o
                0x000004fc                _fini
 .fini_array    0x00000500        0x4 c:/ti/ccs901/ccs/tools/compiler/gcc-arm-none-eabi-7-2017-q4-major-win32/bin/../lib/gcc/arm-none-eabi/7.2.1/thumb/v7e-m/fpv4-sp/hard/crtbegin.o
 .fini          0x00000504        0x8 c:/ti/ccs901/ccs/tools/compiler/gcc-arm-none-eabi-7-2017-q4-major-win32/bin/../lib/gcc/arm-none-eabi/7.2.1/thumb/v7e-m/fpv4-sp/hard/crtn.o

.glue_7         0x0000050c        0x0
 .glue_7        0x0000050c        0x0 linker stubs

.glue_7t        0x0000050c        0x0
 .glue_7t       0x0000050c        0x0 linker stubs

.vfp11_veneer   0x0000050c        0x0
 .vfp11_veneer  0x0000050c        0x0 linker stubs

.v4_bx          0x0000050c        0x0
 .v4_bx         0x0000050c        0x0 linker stubs

.iplt           0x0000050c        0x0
 .iplt          0x0000050c        0x0 c:/ti/ccs901/ccs/tools/compiler/gcc-arm-none-eabi-7-2017-q4-major-win32/bin/../lib/gcc/arm-none-eabi/7.2.1/thumb/v7e-m/fpv4-sp/hard/crtbegin.o

.rodata         0x0000050c        0x4
 *(.rodata)
 *(.rodata.*)
 .rodata._global_impure_ptr
                0x0000050c        0x4 C:/ti/ccs901/ccs/tools/compiler/gcc-arm-none-eabi-7-2017-q4-major-win32/arm-none-eabi/lib/thumb/v7e-m/fpv4-sp/hard\libc_nano.a(lib_a-impure.o)
                0x0000050c                _global_impure_ptr

.eh_frame       0x00000510        0x0
 .eh_frame      0x00000510        0x0 c:/ti/ccs901/ccs/tools/compiler/gcc-arm-none-eabi-7-2017-q4-major-win32/bin/../lib/gcc/arm-none-eabi/7.2.1/thumb/v7e-m/fpv4-sp/hard/crtbegin.o

.ARM.exidx      0x00000510        0x8
                0x00000510                __exidx_start = .
 *(.ARM.exidx* .gnu.linkonce.armexidx.*)
 .ARM.exidx     0x00000510        0x8 c:/ti/ccs901/ccs/tools/compiler/gcc-arm-none-eabi-7-2017-q4-major-win32/bin/../lib/gcc/arm-none-eabi/7.2.1/../../../../arm-none-eabi/lib/thumb/v7e-m/fpv4-sp/hard/crt0.o
                0x00000518                __exidx_end = .

.ARM.extab      0x00000518        0x0
 *(.ARM.extab* .gnu.linkonce.armextab.*)
 .ARM.extab     0x00000518        0x0 c:/ti/ccs901/ccs/tools/compiler/gcc-arm-none-eabi-7-2017-q4-major-win32/bin/../lib/gcc/arm-none-eabi/7.2.1/../../../../arm-none-eabi/lib/thumb/v7e-m/fpv4-sp/hard/crt0.o
                0x00000518                __etext = .

.rel.dyn        0x00000518        0x0
 .rel.iplt      0x00000518        0x0 c:/ti/ccs901/ccs/tools/compiler/gcc-arm-none-eabi-7-2017-q4-major-win32/bin/../lib/gcc/arm-none-eabi/7.2.1/thumb/v7e-m/fpv4-sp/hard/crtbegin.o

.data           0x20000000       0x84 load address 0x00000518
                0x00000518                __data_load__ = LOADADDR (.data)
                0x20000000                __data_start__ = .
 *(.data)
 .data          0x20000000        0x0 c:/ti/ccs901/ccs/tools/compiler/gcc-arm-none-eabi-7-2017-q4-major-win32/bin/../lib/gcc/arm-none-eabi/7.2.1/thumb/v7e-m/fpv4-sp/hard/crti.o
 .data          0x20000000        0x4 c:/ti/ccs901/ccs/tools/compiler/gcc-arm-none-eabi-7-2017-q4-major-win32/bin/../lib/gcc/arm-none-eabi/7.2.1/thumb/v7e-m/fpv4-sp/hard/crtbegin.o
                0x20000000                __dso_handle
 .data          0x20000004        0x0 c:/ti/ccs901/ccs/tools/compiler/gcc-arm-none-eabi-7-2017-q4-major-win32/bin/../lib/gcc/arm-none-eabi/7.2.1/../../../../arm-none-eabi/lib/thumb/v7e-m/fpv4-sp/hard/crt0.o
 .data          0x20000004        0x0 ./architecture.o
 .data          0x20000004        0x0 ./main.o
 .data          0x20000004        0x0 ./system_msp432p401r.o
 .data          0x20000004        0x0 ./buttons/buttons.o
 .data          0x20000004        0x0 ./gcc/startup_msp432p401r_gcc.o
 .data          0x20000004        0x0 ./leds/leds.o
 .data          0x20000004        0x0 C:/ti/simplelink_msp432p4_sdk_3_10_00_08/source\ti/devices/msp432p4xx/driverlib/gcc/msp432p4xx_driverlib.a(interrupt.o)
 .data          0x20000004        0x0 C:/ti/simplelink_msp432p4_sdk_3_10_00_08/source\ti/devices/msp432p4xx/driverlib/gcc/msp432p4xx_driverlib.a(cpu.o)
 .data          0x20000004        0x0 C:/ti/ccs901/ccs/tools/compiler/gcc-arm-none-eabi-7-2017-q4-major-win32/arm-none-eabi/lib/thumb/v7e-m/fpv4-sp/hard\libc_nano.a(lib_a-exit.o)
 .data          0x20000004        0x0 C:/ti/ccs901/ccs/tools/compiler/gcc-arm-none-eabi-7-2017-q4-major-win32/arm-none-eabi/lib/thumb/v7e-m/fpv4-sp/hard\libc_nano.a(lib_a-impure.o)
 .data          0x20000004        0x0 C:/ti/ccs901/ccs/tools/compiler/gcc-arm-none-eabi-7-2017-q4-major-win32/arm-none-eabi/lib/thumb/v7e-m/fpv4-sp/hard\libc_nano.a(lib_a-init.o)
 .data          0x20000004        0x0 C:/ti/ccs901/ccs/tools/compiler/gcc-arm-none-eabi-7-2017-q4-major-win32/arm-none-eabi/lib/thumb/v7e-m/fpv4-sp/hard\libc_nano.a(lib_a-memset.o)
 .data          0x20000004        0x0 C:/ti/ccs901/ccs/tools/compiler/gcc-arm-none-eabi-7-2017-q4-major-win32/arm-none-eabi/lib/thumb/v7e-m/fpv4-sp/hard\libnosys.a(_exit.o)
 .data          0x20000004        0x0 c:/ti/ccs901/ccs/tools/compiler/gcc-arm-none-eabi-7-2017-q4-major-win32/bin/../lib/gcc/arm-none-eabi/7.2.1/thumb/v7e-m/fpv4-sp/hard/crtend.o
 .data          0x20000004        0x0 c:/ti/ccs901/ccs/tools/compiler/gcc-arm-none-eabi-7-2017-q4-major-win32/bin/../lib/gcc/arm-none-eabi/7.2.1/thumb/v7e-m/fpv4-sp/hard/crtn.o
 *(.data*)
 .data.Buttons_b1
                0x20000004        0x8 ./architecture.o
                0x20000004                Buttons_b1
 .data.Buttons_b1IntPort
                0x2000000c        0x4 ./architecture.o
                0x2000000c                Buttons_b1IntPort
 .data.Buttons_b2
                0x20000010        0x8 ./architecture.o
                0x20000010                Buttons_b2
 .data.Buttons_b2IntPort
                0x20000018        0x4 ./architecture.o
                0x20000018                Buttons_b2IntPort
 .data.SystemCoreClock
                0x2000001c        0x4 ./system_msp432p401r.o
                0x2000001c                SystemCoreClock
 .data._impure_ptr
                0x20000020        0x4 C:/ti/ccs901/ccs/tools/compiler/gcc-arm-none-eabi-7-2017-q4-major-win32/arm-none-eabi/lib/thumb/v7e-m/fpv4-sp/hard\libc_nano.a(lib_a-impure.o)
                0x20000020                _impure_ptr
 .data.impure_data
                0x20000024       0x60 C:/ti/ccs901/ccs/tools/compiler/gcc-arm-none-eabi-7-2017-q4-major-win32/arm-none-eabi/lib/thumb/v7e-m/fpv4-sp/hard\libc_nano.a(lib_a-impure.o)
                0x20000084                . = ALIGN (0x4)
                0x20000084                __data_end__ = .

.igot.plt       0x20000084        0x0 load address 0x0000059c
 .igot.plt      0x20000084        0x0 c:/ti/ccs901/ccs/tools/compiler/gcc-arm-none-eabi-7-2017-q4-major-win32/bin/../lib/gcc/arm-none-eabi/7.2.1/thumb/v7e-m/fpv4-sp/hard/crtbegin.o

vtable          0x20000400       0xe8 load address 0x0000059c
 vtable         0x20000400       0xe8 C:/ti/simplelink_msp432p4_sdk_3_10_00_08/source\ti/devices/msp432p4xx/driverlib/gcc/msp432p4xx_driverlib.a(interrupt.o)

.bss            0x200004e8       0x1c
                0x200004e8                __bss_start__ = .
 *(.shbss)
 *(.bss)
 .bss           0x200004e8        0x0 c:/ti/ccs901/ccs/tools/compiler/gcc-arm-none-eabi-7-2017-q4-major-win32/bin/../lib/gcc/arm-none-eabi/7.2.1/thumb/v7e-m/fpv4-sp/hard/crti.o
 .bss           0x200004e8       0x1c c:/ti/ccs901/ccs/tools/compiler/gcc-arm-none-eabi-7-2017-q4-major-win32/bin/../lib/gcc/arm-none-eabi/7.2.1/thumb/v7e-m/fpv4-sp/hard/crtbegin.o
 .bss           0x20000504        0x0 c:/ti/ccs901/ccs/tools/compiler/gcc-arm-none-eabi-7-2017-q4-major-win32/bin/../lib/gcc/arm-none-eabi/7.2.1/../../../../arm-none-eabi/lib/thumb/v7e-m/fpv4-sp/hard/crt0.o
 .bss           0x20000504        0x0 ./architecture.o
 .bss           0x20000504        0x0 ./main.o
 .bss           0x20000504        0x0 ./system_msp432p401r.o
 .bss           0x20000504        0x0 ./buttons/buttons.o
 .bss           0x20000504        0x0 ./gcc/startup_msp432p401r_gcc.o
 .bss           0x20000504        0x0 ./leds/leds.o
 .bss           0x20000504        0x0 C:/ti/simplelink_msp432p4_sdk_3_10_00_08/source\ti/devices/msp432p4xx/driverlib/gcc/msp432p4xx_driverlib.a(interrupt.o)
 .bss           0x20000504        0x0 C:/ti/simplelink_msp432p4_sdk_3_10_00_08/source\ti/devices/msp432p4xx/driverlib/gcc/msp432p4xx_driverlib.a(cpu.o)
 .bss           0x20000504        0x0 C:/ti/ccs901/ccs/tools/compiler/gcc-arm-none-eabi-7-2017-q4-major-win32/arm-none-eabi/lib/thumb/v7e-m/fpv4-sp/hard\libc_nano.a(lib_a-exit.o)
 .bss           0x20000504        0x0 C:/ti/ccs901/ccs/tools/compiler/gcc-arm-none-eabi-7-2017-q4-major-win32/arm-none-eabi/lib/thumb/v7e-m/fpv4-sp/hard\libc_nano.a(lib_a-impure.o)
 .bss           0x20000504        0x0 C:/ti/ccs901/ccs/tools/compiler/gcc-arm-none-eabi-7-2017-q4-major-win32/arm-none-eabi/lib/thumb/v7e-m/fpv4-sp/hard\libc_nano.a(lib_a-init.o)
 .bss           0x20000504        0x0 C:/ti/ccs901/ccs/tools/compiler/gcc-arm-none-eabi-7-2017-q4-major-win32/arm-none-eabi/lib/thumb/v7e-m/fpv4-sp/hard\libc_nano.a(lib_a-memset.o)
 .bss           0x20000504        0x0 C:/ti/ccs901/ccs/tools/compiler/gcc-arm-none-eabi-7-2017-q4-major-win32/arm-none-eabi/lib/thumb/v7e-m/fpv4-sp/hard\libnosys.a(_exit.o)
 .bss           0x20000504        0x0 c:/ti/ccs901/ccs/tools/compiler/gcc-arm-none-eabi-7-2017-q4-major-win32/bin/../lib/gcc/arm-none-eabi/7.2.1/thumb/v7e-m/fpv4-sp/hard/crtend.o
 .bss           0x20000504        0x0 c:/ti/ccs901/ccs/tools/compiler/gcc-arm-none-eabi-7-2017-q4-major-win32/bin/../lib/gcc/arm-none-eabi/7.2.1/thumb/v7e-m/fpv4-sp/hard/crtn.o
 *(.bss.*)
 *(COMMON)
                0x20000504                . = ALIGN (0x4)
                0x20000504                __bss_end__ = .

.heap           0x20000504        0x0
                0x20000504                __heap_start__ = .
                0x20000504                end = __heap_start__
                0x20000504                _end = end
                0x20000504                __end = end
 *(.heap)
                0x20000504                __heap_end__ = .
                0x20000504                __HeapLimit = __heap_end__

.stack          0x20000508        0x0
                0x20000508                _stack = .
 *(.stack)
                0x20010000                __StackTop = (ORIGIN (REGION_STACK) + LENGTH (REGION_STACK))
                0x20010000                PROVIDE (__stack, __StackTop)
LOAD C:/ti/simplelink_msp432p4_sdk_3_10_00_08/source\ti/display/lib/display.am4fg
LOAD C:/ti/simplelink_msp432p4_sdk_3_10_00_08/source\ti/grlib/lib/gcc/m4f/grlib.a
LOAD C:/ti/simplelink_msp432p4_sdk_3_10_00_08/source\third_party/spiffs/lib/gcc/m4f/spiffs.a
LOAD C:/ti/simplelink_msp432p4_sdk_3_10_00_08/source\ti/drivers/lib/drivers_msp432p401x.am4fg
LOAD C:/ti/simplelink_msp432p4_sdk_3_10_00_08/source\third_party/fatfs/lib/gcc/m4f/fatfs.a
LOAD C:/ti/simplelink_msp432p4_sdk_3_10_00_08/source\ti/devices/msp432p4xx/driverlib/gcc/msp432p4xx_driverlib.a
LOAD c:/ti/ccs901/ccs/tools/compiler/gcc-arm-none-eabi-7-2017-q4-major-win32/bin/../lib/gcc/arm-none-eabi/7.2.1/thumb/v7e-m/fpv4-sp/hard\libgcc.a
LOAD C:/ti/ccs901/ccs/tools/compiler/gcc-arm-none-eabi-7-2017-q4-major-win32/arm-none-eabi/lib/thumb/v7e-m/fpv4-sp/hard\libc_nano.a
LOAD C:/ti/ccs901/ccs/tools/compiler/gcc-arm-none-eabi-7-2017-q4-major-win32/arm-none-eabi/lib/thumb/v7e-m/fpv4-sp/hard\libm.a
LOAD C:/ti/ccs901/ccs/tools/compiler/gcc-arm-none-eabi-7-2017-q4-major-win32/arm-none-eabi/lib/thumb/v7e-m/fpv4-sp/hard\libnosys.a
START GROUP
LOAD c:/ti/ccs901/ccs/tools/compiler/gcc-arm-none-eabi-7-2017-q4-major-win32/bin/../lib/gcc/arm-none-eabi/7.2.1/thumb/v7e-m/fpv4-sp/hard\libgcc.a
LOAD C:/ti/ccs901/ccs/tools/compiler/gcc-arm-none-eabi-7-2017-q4-major-win32/arm-none-eabi/lib/thumb/v7e-m/fpv4-sp/hard\libg_nano.a
LOAD C:/ti/ccs901/ccs/tools/compiler/gcc-arm-none-eabi-7-2017-q4-major-win32/arm-none-eabi/lib/thumb/v7e-m/fpv4-sp/hard\libc_nano.a
END GROUP
START GROUP
LOAD c:/ti/ccs901/ccs/tools/compiler/gcc-arm-none-eabi-7-2017-q4-major-win32/bin/../lib/gcc/arm-none-eabi/7.2.1/thumb/v7e-m/fpv4-sp/hard\libgcc.a
LOAD C:/ti/ccs901/ccs/tools/compiler/gcc-arm-none-eabi-7-2017-q4-major-win32/arm-none-eabi/lib/thumb/v7e-m/fpv4-sp/hard\libc_nano.a
END GROUP
LOAD c:/ti/ccs901/ccs/tools/compiler/gcc-arm-none-eabi-7-2017-q4-major-win32/bin/../lib/gcc/arm-none-eabi/7.2.1/thumb/v7e-m/fpv4-sp/hard/crtend.o
LOAD c:/ti/ccs901/ccs/tools/compiler/gcc-arm-none-eabi-7-2017-q4-major-win32/bin/../lib/gcc/arm-none-eabi/7.2.1/thumb/v7e-m/fpv4-sp/hard/crtn.o
OUTPUT(h04a_concurrency_gpio_interrupts.out elf32-littlearm)

.ARM.attributes
                0x00000000       0x30
 .ARM.attributes
                0x00000000       0x22 c:/ti/ccs901/ccs/tools/compiler/gcc-arm-none-eabi-7-2017-q4-major-win32/bin/../lib/gcc/arm-none-eabi/7.2.1/thumb/v7e-m/fpv4-sp/hard/crti.o
 .ARM.attributes
                0x00000022       0x34 c:/ti/ccs901/ccs/tools/compiler/gcc-arm-none-eabi-7-2017-q4-major-win32/bin/../lib/gcc/arm-none-eabi/7.2.1/thumb/v7e-m/fpv4-sp/hard/crtbegin.o
 .ARM.attributes
                0x00000056       0x20 c:/ti/ccs901/ccs/tools/compiler/gcc-arm-none-eabi-7-2017-q4-major-win32/bin/../lib/gcc/arm-none-eabi/7.2.1/../../../../arm-none-eabi/lib/thumb/v7e-m/fpv4-sp/hard/crt0.o
 .ARM.attributes
                0x00000076       0x39 ./architecture.o
 .ARM.attributes
                0x000000af       0x39 ./main.o
 .ARM.attributes
                0x000000e8       0x39 ./system_msp432p401r.o
 .ARM.attributes
                0x00000121       0x39 ./buttons/buttons.o
 .ARM.attributes
                0x0000015a       0x39 ./gcc/startup_msp432p401r_gcc.o
 .ARM.attributes
                0x00000193       0x39 ./leds/leds.o
 .ARM.attributes
                0x000001cc       0x39 C:/ti/simplelink_msp432p4_sdk_3_10_00_08/source\ti/devices/msp432p4xx/driverlib/gcc/msp432p4xx_driverlib.a(interrupt.o)
 .ARM.attributes
                0x00000205       0x39 C:/ti/simplelink_msp432p4_sdk_3_10_00_08/source\ti/devices/msp432p4xx/driverlib/gcc/msp432p4xx_driverlib.a(cpu.o)
 .ARM.attributes
                0x0000023e       0x34 C:/ti/ccs901/ccs/tools/compiler/gcc-arm-none-eabi-7-2017-q4-major-win32/arm-none-eabi/lib/thumb/v7e-m/fpv4-sp/hard\libc_nano.a(lib_a-exit.o)
 .ARM.attributes
                0x00000272       0x34 C:/ti/ccs901/ccs/tools/compiler/gcc-arm-none-eabi-7-2017-q4-major-win32/arm-none-eabi/lib/thumb/v7e-m/fpv4-sp/hard\libc_nano.a(lib_a-impure.o)
 .ARM.attributes
                0x000002a6       0x34 C:/ti/ccs901/ccs/tools/compiler/gcc-arm-none-eabi-7-2017-q4-major-win32/arm-none-eabi/lib/thumb/v7e-m/fpv4-sp/hard\libc_nano.a(lib_a-init.o)
 .ARM.attributes
                0x000002da       0x34 C:/ti/ccs901/ccs/tools/compiler/gcc-arm-none-eabi-7-2017-q4-major-win32/arm-none-eabi/lib/thumb/v7e-m/fpv4-sp/hard\libc_nano.a(lib_a-memset.o)
 .ARM.attributes
                0x0000030e       0x34 C:/ti/ccs901/ccs/tools/compiler/gcc-arm-none-eabi-7-2017-q4-major-win32/arm-none-eabi/lib/thumb/v7e-m/fpv4-sp/hard\libnosys.a(_exit.o)
 .ARM.attributes
                0x00000342       0x34 c:/ti/ccs901/ccs/tools/compiler/gcc-arm-none-eabi-7-2017-q4-major-win32/bin/../lib/gcc/arm-none-eabi/7.2.1/thumb/v7e-m/fpv4-sp/hard/crtend.o
 .ARM.attributes
                0x00000376       0x22 c:/ti/ccs901/ccs/tools/compiler/gcc-arm-none-eabi-7-2017-q4-major-win32/bin/../lib/gcc/arm-none-eabi/7.2.1/thumb/v7e-m/fpv4-sp/hard/crtn.o

.comment        0x00000000       0x7e
 .comment       0x00000000       0x7e ./architecture.o
                                 0x7f (size before relaxing)
 .comment       0x0000007e       0x7f ./main.o
 .comment       0x0000007e       0x7f ./system_msp432p401r.o
 .comment       0x0000007e       0x7f ./buttons/buttons.o
 .comment       0x0000007e       0x7f ./gcc/startup_msp432p401r_gcc.o
 .comment       0x0000007e       0x7f ./leds/leds.o
 .comment       0x0000007e       0x7f C:/ti/simplelink_msp432p4_sdk_3_10_00_08/source\ti/devices/msp432p4xx/driverlib/gcc/msp432p4xx_driverlib.a(interrupt.o)
 .comment       0x0000007e       0x7f C:/ti/simplelink_msp432p4_sdk_3_10_00_08/source\ti/devices/msp432p4xx/driverlib/gcc/msp432p4xx_driverlib.a(cpu.o)

.debug_info     0x00000000     0x1c32
 .debug_info    0x00000000      0x15a ./architecture.o
 .debug_info    0x0000015a      0x158 ./main.o
 .debug_info    0x000002b2      0xd1b ./system_msp432p401r.o
 .debug_info    0x00000fcd      0x1ce ./buttons/buttons.o
 .debug_info    0x0000119b      0x144 ./gcc/startup_msp432p401r_gcc.o
 .debug_info    0x000012df      0x156 ./leds/leds.o
 .debug_info    0x00001435      0x678 C:/ti/simplelink_msp432p4_sdk_3_10_00_08/source\ti/devices/msp432p4xx/driverlib/gcc/msp432p4xx_driverlib.a(interrupt.o)
 .debug_info    0x00001aad      0x185 C:/ti/simplelink_msp432p4_sdk_3_10_00_08/source\ti/devices/msp432p4xx/driverlib/gcc/msp432p4xx_driverlib.a(cpu.o)

.debug_abbrev   0x00000000      0x76a
 .debug_abbrev  0x00000000       0x94 ./architecture.o
 .debug_abbrev  0x00000094       0xb7 ./main.o
 .debug_abbrev  0x0000014b      0x115 ./system_msp432p401r.o
 .debug_abbrev  0x00000260       0xfd ./buttons/buttons.o
 .debug_abbrev  0x0000035d       0xbd ./gcc/startup_msp432p401r_gcc.o
 .debug_abbrev  0x0000041a       0x9b ./leds/leds.o
 .debug_abbrev  0x000004b5      0x1b3 C:/ti/simplelink_msp432p4_sdk_3_10_00_08/source\ti/devices/msp432p4xx/driverlib/gcc/msp432p4xx_driverlib.a(interrupt.o)
 .debug_abbrev  0x00000668      0x102 C:/ti/simplelink_msp432p4_sdk_3_10_00_08/source\ti/devices/msp432p4xx/driverlib/gcc/msp432p4xx_driverlib.a(cpu.o)

.debug_aranges  0x00000000      0x1f8
 .debug_aranges
                0x00000000       0x18 ./architecture.o
 .debug_aranges
                0x00000018       0x28 ./main.o
 .debug_aranges
                0x00000040       0x28 ./system_msp432p401r.o
 .debug_aranges
                0x00000068       0x30 ./buttons/buttons.o
 .debug_aranges
                0x00000098       0x28 ./gcc/startup_msp432p401r_gcc.o
 .debug_aranges
                0x000000c0       0x38 ./leds/leds.o
 .debug_aranges
                0x000000f8       0xb8 C:/ti/simplelink_msp432p4_sdk_3_10_00_08/source\ti/devices/msp432p4xx/driverlib/gcc/msp432p4xx_driverlib.a(interrupt.o)
 .debug_aranges
                0x000001b0       0x48 C:/ti/simplelink_msp432p4_sdk_3_10_00_08/source\ti/devices/msp432p4xx/driverlib/gcc/msp432p4xx_driverlib.a(cpu.o)

.debug_line     0x00000000     0x139a
 .debug_line    0x00000000      0x2cc ./architecture.o
 .debug_line    0x000002cc      0x2f3 ./main.o
 .debug_line    0x000005bf      0x26a ./system_msp432p401r.o
 .debug_line    0x00000829      0x291 ./buttons/buttons.o
 .debug_line    0x00000aba      0x153 ./gcc/startup_msp432p401r_gcc.o
 .debug_line    0x00000c0d      0x216 ./leds/leds.o
 .debug_line    0x00000e23      0x394 C:/ti/simplelink_msp432p4_sdk_3_10_00_08/source\ti/devices/msp432p4xx/driverlib/gcc/msp432p4xx_driverlib.a(interrupt.o)
 .debug_line    0x000011b7      0x1e3 C:/ti/simplelink_msp432p4_sdk_3_10_00_08/source\ti/devices/msp432p4xx/driverlib/gcc/msp432p4xx_driverlib.a(cpu.o)

.debug_str      0x00000000     0x11c9
 .debug_str     0x00000000      0x257 ./architecture.o
                                0x29c (size before relaxing)
 .debug_str     0x00000257       0x2b ./main.o
                                0x2b5 (size before relaxing)
 .debug_str     0x00000282      0x8d3 ./system_msp432p401r.o
                                0xb24 (size before relaxing)
 .debug_str     0x00000b55       0x68 ./buttons/buttons.o
                                0x304 (size before relaxing)
 .debug_str     0x00000bbd       0x9e ./gcc/startup_msp432p401r_gcc.o
                                0x295 (size before relaxing)
 .debug_str     0x00000c5b       0x44 ./leds/leds.o
                                0x27e (size before relaxing)
 .debug_str     0x00000c9f      0x44e C:/ti/simplelink_msp432p4_sdk_3_10_00_08/source\ti/devices/msp432p4xx/driverlib/gcc/msp432p4xx_driverlib.a(interrupt.o)
                                0x58b (size before relaxing)
 .debug_str     0x000010ed       0xdc C:/ti/simplelink_msp432p4_sdk_3_10_00_08/source\ti/devices/msp432p4xx/driverlib/gcc/msp432p4xx_driverlib.a(cpu.o)
                                0x276 (size before relaxing)

.debug_ranges   0x00000000      0x170
 .debug_ranges  0x00000000       0x18 ./main.o
 .debug_ranges  0x00000018       0x18 ./system_msp432p401r.o
 .debug_ranges  0x00000030       0x20 ./buttons/buttons.o
 .debug_ranges  0x00000050       0x18 ./gcc/startup_msp432p401r_gcc.o
 .debug_ranges  0x00000068       0x28 ./leds/leds.o
 .debug_ranges  0x00000090       0xa8 C:/ti/simplelink_msp432p4_sdk_3_10_00_08/source\ti/devices/msp432p4xx/driverlib/gcc/msp432p4xx_driverlib.a(interrupt.o)
 .debug_ranges  0x00000138       0x38 C:/ti/simplelink_msp432p4_sdk_3_10_00_08/source\ti/devices/msp432p4xx/driverlib/gcc/msp432p4xx_driverlib.a(cpu.o)

.debug_frame    0x00000000      0x568
 .debug_frame   0x00000000       0x40 ./main.o
 .debug_frame   0x00000040       0x30 ./system_msp432p401r.o
 .debug_frame   0x00000070       0x6c ./buttons/buttons.o
 .debug_frame   0x000000dc       0x38 ./gcc/startup_msp432p401r_gcc.o
 .debug_frame   0x00000114       0x70 ./leds/leds.o
 .debug_frame   0x00000184      0x2e0 C:/ti/simplelink_msp432p4_sdk_3_10_00_08/source\ti/devices/msp432p4xx/driverlib/gcc/msp432p4xx_driverlib.a(interrupt.o)
 .debug_frame   0x00000464       0x70 C:/ti/simplelink_msp432p4_sdk_3_10_00_08/source\ti/devices/msp432p4xx/driverlib/gcc/msp432p4xx_driverlib.a(cpu.o)
 .debug_frame   0x000004d4       0x28 C:/ti/ccs901/ccs/tools/compiler/gcc-arm-none-eabi-7-2017-q4-major-win32/arm-none-eabi/lib/thumb/v7e-m/fpv4-sp/hard\libc_nano.a(lib_a-exit.o)
 .debug_frame   0x000004fc       0x2c C:/ti/ccs901/ccs/tools/compiler/gcc-arm-none-eabi-7-2017-q4-major-win32/arm-none-eabi/lib/thumb/v7e-m/fpv4-sp/hard\libc_nano.a(lib_a-init.o)
 .debug_frame   0x00000528       0x20 C:/ti/ccs901/ccs/tools/compiler/gcc-arm-none-eabi-7-2017-q4-major-win32/arm-none-eabi/lib/thumb/v7e-m/fpv4-sp/hard\libc_nano.a(lib_a-memset.o)
 .debug_frame   0x00000548       0x20 C:/ti/ccs901/ccs/tools/compiler/gcc-arm-none-eabi-7-2017-q4-major-win32/arm-none-eabi/lib/thumb/v7e-m/fpv4-sp/hard\libnosys.a(_exit.o)

.debug_loc      0x00000000      0x287
 .debug_loc     0x00000000      0x1c6 ./system_msp432p401r.o
 .debug_loc     0x000001c6       0x62 ./buttons/buttons.o
 .debug_loc     0x00000228       0x26 ./gcc/startup_msp432p401r_gcc.o
 .debug_loc     0x0000024e       0x39 ./leds/leds.o
